Tests run successfully!
